// Jest Snapshot v1, https://goo.gl/fbAQLP

exports[`renders basket 1`] = `ReactWrapper {}`;
